// Jest Snapshot v1, https://goo.gl/fbAQLP

exports[`renders correctly 1`] = `
<div>
  <button
    class="btn btn-primary"
    type="submit"
  >
    Button Text
  </button>
</div>
`;
