// Jest Snapshot v1, https://goo.gl/fbAQLP

exports[`renders correctly 1`] = `
<div>
  <input
    class="form-control"
    type="text"
    value="Hello World"
  />
</div>
`;
